[KMacBook-Air-7:curiouscov puzzlebox$ git add [K[K[K[K[K[K[K[Kgit remote add origin https://github.com/sof tloud/curiouscov.git
]0;~/Documents/curiouscovMacBook-Air-7:curiouscov puzzlebox$ git push -u origin master
error: src refspec master does not match any.
error: failed to push some refs to 'https://github.com/softloud/curiouscov.git'
]0;~/Documents/curiouscovMacBook-Air-7:curiouscov puzzlebox$ pi[K[Kgit status
On branch master

Initial commit

Untracked files:
  (use "git add <file>..." to include in what will be committed)

	[31m.Rproj.user/[m
	[31mcuriouscov.Rproj[m

nothing added to commit but untracked files present (use "git add" to track)
]0;~/Documents/curiouscovMacBook-Air-7:curiouscov puzzlebox$ git add .